// Jest Snapshot v1, https://goo.gl/fbAQLP

exports[`renders correctly 1`] = `
<div
  className="flex flex-col"
>
  <div
    className="flex flex-col bg-purple-100 w-full p-16 flex justify-center items-center"
  />
  <div
    className="flex h-64 flex-grow px-2 mb-2"
  >
    <div
      className="md:w-1/2 bg-gray-100 py-56"
    />
    <div
      className="bg-gray-100 mx-6 md:w-1/2 py-56"
    />
  </div>
</div>
`;
