// Jest Snapshot v1, https://goo.gl/fbAQLP

exports[`UserInfo renders correctly 1`] = `
<div
  className="flex items-center"
>
  <div
    className="text-purple-800 text-white font-bold rounded px-4 py-2"
  >
    $
    9001
  </div>
  <ReactTooltip
    clickable={false}
    effect="solid"
    insecure={true}
    place="bottom"
    resizeHide={true}
    wrapper="div"
  />
  <div
    className="rounded-full h-12 w-12 flex items-center justify-center text-white border"
    data-tip="foo"
    style={
      Object {
        "backgroundImage": "url(\\"http://localhost:4000/avatars/foo.jpg\\")",
        "backgroundPosition": "center",
        "backgroundSize": "cover",
      }
    }
  />
</div>
`;

exports[`UserInfo renders loading styles 1`] = `
<div
  className="flex items-center"
>
  <div
    className="text-purple-800 text-white font-bold rounded px-4 py-2"
  >
    $
    9001
  </div>
  <ReactTooltip
    clickable={false}
    effect="solid"
    insecure={true}
    place="bottom"
    resizeHide={true}
    wrapper="div"
  />
  <div
    className="rounded-full h-12 w-12 flex items-center justify-center text-white border"
    data-tip="foo"
    style={
      Object {
        "backgroundImage": "url(\\"http://localhost:4000/avatars/foo.jpg\\")",
        "backgroundPosition": "center",
        "backgroundSize": "cover",
      }
    }
  />
</div>
`;
